nohup: ignoring input

> wacto-chatbot@0.1.0 dev
> next dev

⚠ Port 3000 is in use by an unknown process, using available port 3001 instead.
▲ Next.js 16.2.4 (Turbopack)
- Local:         http://localhost:3001
- Network:       http://10.0.1.148:3001
- Environments: .env
✓ Ready in 1173ms
⨯ Another next dev server is already running.

- Local:        http://localhost:3000
- PID:          62233
- Dir:          /workspaces/Wacto_ChatBot
- Log:          .next/dev/logs/next-development.log

Run kill 62233 to stop it.
Attention: Next.js now collects completely anonymous telemetry regarding usage.
This information is used to shape Next.js' roadmap and prioritize features.
You can learn more, including how to opt-out if you'd not like to participate in this anonymous program, by visiting the following URL:
https://nextjs.org/telemetry

[?25h
